[themewagon.github.io/clyde/index.html]
[backblue.gif]
[fade.gif]
[index.html]
[stackpath.bootstrapcdn.com/font-awesome/4.7.0/css/font-awesome.min.css]
[themewagon.github.io/clyde/css/animate.css]
[themewagon.github.io/clyde/css/owl.carousel.min.css]
[themewagon.github.io/clyde/css/owl.theme.default.min.css]
[themewagon.github.io/clyde/css/magnific-popup.css]
[themewagon.github.io/clyde/css/flaticon.css]
[themewagon.github.io/clyde/css/style.css]
[themewagon.github.io/clyde/index-2.html]
[themewagon.github.io/clyde/images/bg_1.jpg]
[themewagon.github.io/clyde/images/bg_2.jpg]
[themewagon.github.io/clyde/images/about-1.jpg]
[themewagon.github.io/clyde/images/author.png]
[themewagon.github.io/clyde/images/work-1.jpg]
[themewagon.github.io/clyde/images/work-2.jpg]
[themewagon.github.io/clyde/images/work-3.jpg]
[themewagon.github.io/clyde/images/work-4.jpg]
[themewagon.github.io/clyde/images/work-5.jpg]
[themewagon.github.io/clyde/images/work-6.jpg]
[themewagon.github.io/clyde/images/work-7.jpg]
[themewagon.github.io/clyde/images/work-8.jpg]
[themewagon.github.io/clyde/images/person_1.jpg]
[themewagon.github.io/clyde/images/person_2.jpg]
[themewagon.github.io/clyde/images/person_3.jpg]
[themewagon.github.io/clyde/single.html]
[themewagon.github.io/clyde/images/image_1.jpg]
[themewagon.github.io/clyde/images/image_2.jpg]
[themewagon.github.io/clyde/images/image_3.jpg]
[themewagon.github.io/clyde/js/jquery.min.js]
[themewagon.github.io/clyde/js/jquery-migrate-3.0.1.min.js]
[themewagon.github.io/clyde/js/popper.min.js]
[themewagon.github.io/clyde/js/bootstrap.min.js]
[themewagon.github.io/clyde/js/jquery.easing.1.3.js]
[themewagon.github.io/clyde/js/jquery.waypoints.min.js]
[themewagon.github.io/clyde/js/jquery.stellar.min.js]
[themewagon.github.io/clyde/js/owl.carousel.min.js]
[themewagon.github.io/clyde/js/jquery.magnific-popup.min.js]
[themewagon.github.io/clyde/js/jquery.animateNumber.min.js]
[themewagon.github.io/clyde/js/scrollax.min.js]
[themewagon.github.io/clyde/js/google-map.js]
[themewagon.github.io/clyde/js/main.js]
[themewagon.github.io/clyde/index.html]
[stackpath.bootstrapcdn.com/font-awesome/4.7.0/css/font-awesome.min.css]
[themewagon.github.io/clyde/css/animate.css]
[themewagon.github.io/clyde/css/owl.video.play.png]
[themewagon.github.io/clyde/css/owl.carousel.min.css]
[themewagon.github.io/clyde/css/owl.theme.default.min.css]
[themewagon.github.io/clyde/css/magnific-popup.css]
[themewagon.github.io/clyde/fonts/flaticon/font/Flaticon.eot]
[themewagon.github.io/clyde/fonts/flaticon/font/Flaticond41d.eot]
[themewagon.github.io/clyde/fonts/flaticon/font/Flaticon.woff]
[themewagon.github.io/clyde/fonts/flaticon/font/Flaticon.ttf]
[themewagon.github.io/clyde/css/flaticon.css]
[themewagon.github.io/clyde/fonts/flaticon/font/Flaticon.svg]
[themewagon.github.io/clyde/css/style.css]
[themewagon.github.io/clyde/index-2.html]
[themewagon.github.io/clyde/images/bg_4.jpg]
[themewagon.github.io/clyde/blog.html]
[themewagon.github.io/clyde/images/image_4.jpg]
[themewagon.github.io/clyde/single.html]
[themewagon.github.io/clyde/css/owl.video.play.html]
[themewagon.github.io/clyde/fonts/flaticon/font/Flaticon.svg]
[themewagon.github.io/clyde/blog.html]
[themewagon.github.io/clyde/images/image_4.html]
